State 25 conflicts: 1 shift/reduce
State 30 conflicts: 1 shift/reduce


Grammar

    0 $accept: Program $end

    1 Program: ExtDefList

    2 ExtDefList: ε
    3           | ExtDef ExtDefList

    4 ExtDef: Specifier ExtDecList SEMI
    5       | Specifier SEMI
    6       | Specifier FunDec CompSt
    7       | error SEMI

    8 ExtDecList: VarDec
    9           | VarDec COMMA ExtDecList

   10 Specifier: TYPE
   11          | StructSpecifier

   12 StructSpecifier: STRUCT OptTag LC DefList RC
   13                | STRUCT Tag

   14 OptTag: ID
   15       | ε

   16 Tag: ID

   17 VarDec: ID
   18       | VarDec LB INT RB

   19 FunDec: ID LP VarList RP
   20       | ID LP RP

   21 VarList: ParamDec COMMA VarList
   22        | ParamDec

   23 ParamDec: Specifier VarDec

   24 CompSt: LC DefList StmtList RC
   25       | LC error RC

   26 StmtList: Stmt StmtList
   27         | ε

   28 Stmt: Exp SEMI
   29     | CompSt
   30     | RETURN Exp SEMI
   31     | IF LP Exp RP Stmt
   32     | IF LP Exp RP Stmt ELSE Stmt
   33     | WHILE LP Exp RP Stmt
   34     | error SEMI

   35 DefList: Def DefList
   36        | ε

   37 Def: Specifier DecList SEMI
   38    | error SEMI

   39 DecList: Dec
   40        | Dec COMMA DecList

   41 Dec: VarDec
   42    | VarDec ASSIGNOP Exp

   43 Exp: Exp ASSIGNOP Exp
   44    | Exp AND Exp
   45    | Exp OR Exp
   46    | Exp RELOP Exp
   47    | Exp PLUS Exp
   48    | Exp MINUS Exp
   49    | Exp STAR Exp
   50    | Exp DIV Exp
   51    | LP Exp RP
   52    | MINUS Exp
   53    | NOT Exp
   54    | ID LP Args RP
   55    | ID LP RP
   56    | Exp LB Exp RB
   57    | Exp DOT ID
   58    | ID
   59    | INT
   60    | FLOAT
   61    | LP error RP

   62 Args: Exp COMMA Args
   63     | Exp


Terminals, with rules where they appear

    $end (0) 0
    error (256) 7 25 34 38 61
    INT <type_int> (258) 18 59
    FLOAT <type_float> (259) 60
    ID <type_id> (260) 14 16 17 19 20 54 55 57 58
    COMMA (261) 9 21 40 62
    SEMI (262) 4 5 7 28 30 34 37 38
    LOWER_THAN_ELSE (263)
    RETURN (264) 30
    IF (265) 31 32
    ELSE (266) 32
    WHILE (267) 33
    STRUCT (268) 12 13
    TYPE <type_type> (269) 10
    ASSIGNOP (270) 42 43
    OR (271) 45
    AND (272) 44
    RELOP (273) 46
    PLUS (274) 47
    MINUS (275) 48 52
    STAR (276) 49
    DIV (277) 50
    NOT (278) 53
    LB (279) 18 56
    RB (280) 18 56
    LP (281) 19 20 31 32 33 51 54 55 61
    RP (282) 19 20 31 32 33 51 54 55 61
    LC (283) 12 24 25
    RC (284) 12 24 25
    DOT (285) 57


Nonterminals, with rules where they appear

    $accept (31)
        on left: 0
    Program <type_astnode> (32)
        on left: 1
        on right: 0
    ExtDefList <type_astnode> (33)
        on left: 2 3
        on right: 1 3
    ExtDef <type_astnode> (34)
        on left: 4 5 6 7
        on right: 3
    ExtDecList <type_astnode> (35)
        on left: 8 9
        on right: 4 9
    Specifier <type_astnode> (36)
        on left: 10 11
        on right: 4 5 6 23 37
    StructSpecifier <type_astnode> (37)
        on left: 12 13
        on right: 11
    OptTag <type_astnode> (38)
        on left: 14 15
        on right: 12
    Tag <type_astnode> (39)
        on left: 16
        on right: 13
    VarDec <type_astnode> (40)
        on left: 17 18
        on right: 8 9 18 23 41 42
    FunDec <type_astnode> (41)
        on left: 19 20
        on right: 6
    VarList <type_astnode> (42)
        on left: 21 22
        on right: 19 21
    ParamDec <type_astnode> (43)
        on left: 23
        on right: 21 22
    CompSt <type_astnode> (44)
        on left: 24 25
        on right: 6 29
    StmtList <type_astnode> (45)
        on left: 26 27
        on right: 24 26
    Stmt <type_astnode> (46)
        on left: 28 29 30 31 32 33 34
        on right: 26 31 32 33
    DefList <type_astnode> (47)
        on left: 35 36
        on right: 12 24 35
    Def <type_astnode> (48)
        on left: 37 38
        on right: 35
    DecList <type_astnode> (49)
        on left: 39 40
        on right: 37 40
    Dec <type_astnode> (50)
        on left: 41 42
        on right: 39 40
    Exp <type_astnode> (51)
        on left: 43 44 45 46 47 48 49 50 51 52 53 54 55 56 57 58 59 60 61
        on right: 28 30 31 32 33 42 43 44 45 46 47 48 49 50 51 52 53 56 57 62 63
    Args <type_astnode> (52)
        on left: 62 63
        on right: 54 62


State 0

    0 $accept: • Program $end

    error   shift, and go to state 1
    STRUCT  shift, and go to state 2
    TYPE    shift, and go to state 3

    $end  reduce using rule 2 (ExtDefList)

    Program          go to state 4
    ExtDefList       go to state 5
    ExtDef           go to state 6
    Specifier        go to state 7
    StructSpecifier  go to state 8


State 1

    7 ExtDef: error • SEMI

    SEMI  shift, and go to state 9


State 2

   12 StructSpecifier: STRUCT • OptTag LC DefList RC
   13                | STRUCT • Tag

    ID  shift, and go to state 10

    $default  reduce using rule 15 (OptTag)

    OptTag  go to state 11
    Tag     go to state 12


State 3

   10 Specifier: TYPE •

    $default  reduce using rule 10 (Specifier)


State 4

    0 $accept: Program • $end

    $end  shift, and go to state 13


State 5

    1 Program: ExtDefList •

    $default  reduce using rule 1 (Program)


State 6

    3 ExtDefList: ExtDef • ExtDefList

    error   shift, and go to state 1
    STRUCT  shift, and go to state 2
    TYPE    shift, and go to state 3

    $end  reduce using rule 2 (ExtDefList)

    ExtDefList       go to state 14
    ExtDef           go to state 6
    Specifier        go to state 7
    StructSpecifier  go to state 8


State 7

    4 ExtDef: Specifier • ExtDecList SEMI
    5       | Specifier • SEMI
    6       | Specifier • FunDec CompSt

    ID    shift, and go to state 15
    SEMI  shift, and go to state 16

    ExtDecList  go to state 17
    VarDec      go to state 18
    FunDec      go to state 19


State 8

   11 Specifier: StructSpecifier •

    $default  reduce using rule 11 (Specifier)


State 9

    7 ExtDef: error SEMI •

    $default  reduce using rule 7 (ExtDef)


State 10

   14 OptTag: ID •
   16 Tag: ID •

    LC        reduce using rule 14 (OptTag)
    $default  reduce using rule 16 (Tag)


State 11

   12 StructSpecifier: STRUCT OptTag • LC DefList RC

    LC  shift, and go to state 20


State 12

   13 StructSpecifier: STRUCT Tag •

    $default  reduce using rule 13 (StructSpecifier)


State 13

    0 $accept: Program $end •

    $default  accept


State 14

    3 ExtDefList: ExtDef ExtDefList •

    $default  reduce using rule 3 (ExtDefList)


State 15

   17 VarDec: ID •
   19 FunDec: ID • LP VarList RP
   20       | ID • LP RP

    LP  shift, and go to state 21

    $default  reduce using rule 17 (VarDec)


State 16

    5 ExtDef: Specifier SEMI •

    $default  reduce using rule 5 (ExtDef)


State 17

    4 ExtDef: Specifier ExtDecList • SEMI

    SEMI  shift, and go to state 22


State 18

    8 ExtDecList: VarDec •
    9           | VarDec • COMMA ExtDecList
   18 VarDec: VarDec • LB INT RB

    COMMA  shift, and go to state 23
    LB     shift, and go to state 24

    $default  reduce using rule 8 (ExtDecList)


State 19

    6 ExtDef: Specifier FunDec • CompSt

    LC  shift, and go to state 25

    CompSt  go to state 26


State 20

   12 StructSpecifier: STRUCT OptTag LC • DefList RC

    error   shift, and go to state 27
    STRUCT  shift, and go to state 2
    TYPE    shift, and go to state 3

    RC  reduce using rule 36 (DefList)

    Specifier        go to state 28
    StructSpecifier  go to state 8
    DefList          go to state 29
    Def              go to state 30


State 21

   19 FunDec: ID LP • VarList RP
   20       | ID LP • RP

    STRUCT  shift, and go to state 2
    TYPE    shift, and go to state 3
    RP      shift, and go to state 31

    Specifier        go to state 32
    StructSpecifier  go to state 8
    VarList          go to state 33
    ParamDec         go to state 34


State 22

    4 ExtDef: Specifier ExtDecList SEMI •

    $default  reduce using rule 4 (ExtDef)


State 23

    9 ExtDecList: VarDec COMMA • ExtDecList

    ID  shift, and go to state 35

    ExtDecList  go to state 36
    VarDec      go to state 18


State 24

   18 VarDec: VarDec LB • INT RB

    INT  shift, and go to state 37


State 25

   24 CompSt: LC • DefList StmtList RC
   25       | LC • error RC

    error   shift, and go to state 38
    STRUCT  shift, and go to state 2
    TYPE    shift, and go to state 3

    error   [reduce using rule 36 (DefList)]
    INT     reduce using rule 36 (DefList)
    FLOAT   reduce using rule 36 (DefList)
    ID      reduce using rule 36 (DefList)
    RETURN  reduce using rule 36 (DefList)
    IF      reduce using rule 36 (DefList)
    WHILE   reduce using rule 36 (DefList)
    MINUS   reduce using rule 36 (DefList)
    NOT     reduce using rule 36 (DefList)
    LP      reduce using rule 36 (DefList)
    LC      reduce using rule 36 (DefList)
    RC      reduce using rule 36 (DefList)

    Specifier        go to state 28
    StructSpecifier  go to state 8
    DefList          go to state 39
    Def              go to state 30


State 26

    6 ExtDef: Specifier FunDec CompSt •

    $default  reduce using rule 6 (ExtDef)


State 27

   38 Def: error • SEMI

    SEMI  shift, and go to state 40


State 28

   37 Def: Specifier • DecList SEMI

    ID  shift, and go to state 35

    VarDec   go to state 41
    DecList  go to state 42
    Dec      go to state 43


State 29

   12 StructSpecifier: STRUCT OptTag LC DefList • RC

    RC  shift, and go to state 44


State 30

   35 DefList: Def • DefList

    error   shift, and go to state 27
    STRUCT  shift, and go to state 2
    TYPE    shift, and go to state 3

    error   [reduce using rule 36 (DefList)]
    INT     reduce using rule 36 (DefList)
    FLOAT   reduce using rule 36 (DefList)
    ID      reduce using rule 36 (DefList)
    RETURN  reduce using rule 36 (DefList)
    IF      reduce using rule 36 (DefList)
    WHILE   reduce using rule 36 (DefList)
    MINUS   reduce using rule 36 (DefList)
    NOT     reduce using rule 36 (DefList)
    LP      reduce using rule 36 (DefList)
    LC      reduce using rule 36 (DefList)
    RC      reduce using rule 36 (DefList)

    Specifier        go to state 28
    StructSpecifier  go to state 8
    DefList          go to state 45
    Def              go to state 30


State 31

   20 FunDec: ID LP RP •

    $default  reduce using rule 20 (FunDec)


State 32

   23 ParamDec: Specifier • VarDec

    ID  shift, and go to state 35

    VarDec  go to state 46


State 33

   19 FunDec: ID LP VarList • RP

    RP  shift, and go to state 47


State 34

   21 VarList: ParamDec • COMMA VarList
   22        | ParamDec •

    COMMA  shift, and go to state 48

    $default  reduce using rule 22 (VarList)


State 35

   17 VarDec: ID •

    $default  reduce using rule 17 (VarDec)


State 36

    9 ExtDecList: VarDec COMMA ExtDecList •

    $default  reduce using rule 9 (ExtDecList)


State 37

   18 VarDec: VarDec LB INT • RB

    RB  shift, and go to state 49


State 38

   25 CompSt: LC error • RC
   38 Def: error • SEMI

    SEMI  shift, and go to state 40
    RC    shift, and go to state 50


State 39

   24 CompSt: LC DefList • StmtList RC

    error   shift, and go to state 51
    INT     shift, and go to state 52
    FLOAT   shift, and go to state 53
    ID      shift, and go to state 54
    RETURN  shift, and go to state 55
    IF      shift, and go to state 56
    WHILE   shift, and go to state 57
    MINUS   shift, and go to state 58
    NOT     shift, and go to state 59
    LP      shift, and go to state 60
    LC      shift, and go to state 25

    RC  reduce using rule 27 (StmtList)

    CompSt    go to state 61
    StmtList  go to state 62
    Stmt      go to state 63
    Exp       go to state 64


State 40

   38 Def: error SEMI •

    $default  reduce using rule 38 (Def)


State 41

   18 VarDec: VarDec • LB INT RB
   41 Dec: VarDec •
   42    | VarDec • ASSIGNOP Exp

    ASSIGNOP  shift, and go to state 65
    LB        shift, and go to state 24

    $default  reduce using rule 41 (Dec)


State 42

   37 Def: Specifier DecList • SEMI

    SEMI  shift, and go to state 66


State 43

   39 DecList: Dec •
   40        | Dec • COMMA DecList

    COMMA  shift, and go to state 67

    $default  reduce using rule 39 (DecList)


State 44

   12 StructSpecifier: STRUCT OptTag LC DefList RC •

    $default  reduce using rule 12 (StructSpecifier)


State 45

   35 DefList: Def DefList •

    $default  reduce using rule 35 (DefList)


State 46

   18 VarDec: VarDec • LB INT RB
   23 ParamDec: Specifier VarDec •

    LB  shift, and go to state 24

    $default  reduce using rule 23 (ParamDec)


State 47

   19 FunDec: ID LP VarList RP •

    $default  reduce using rule 19 (FunDec)


State 48

   21 VarList: ParamDec COMMA • VarList

    STRUCT  shift, and go to state 2
    TYPE    shift, and go to state 3

    Specifier        go to state 32
    StructSpecifier  go to state 8
    VarList          go to state 68
    ParamDec         go to state 34


State 49

   18 VarDec: VarDec LB INT RB •

    $default  reduce using rule 18 (VarDec)


State 50

   25 CompSt: LC error RC •

    $default  reduce using rule 25 (CompSt)


State 51

   34 Stmt: error • SEMI

    SEMI  shift, and go to state 69


State 52

   59 Exp: INT •

    $default  reduce using rule 59 (Exp)


State 53

   60 Exp: FLOAT •

    $default  reduce using rule 60 (Exp)


State 54

   54 Exp: ID • LP Args RP
   55    | ID • LP RP
   58    | ID •

    LP  shift, and go to state 70

    $default  reduce using rule 58 (Exp)


State 55

   30 Stmt: RETURN • Exp SEMI

    INT    shift, and go to state 52
    FLOAT  shift, and go to state 53
    ID     shift, and go to state 54
    MINUS  shift, and go to state 58
    NOT    shift, and go to state 59
    LP     shift, and go to state 60

    Exp  go to state 71


State 56

   31 Stmt: IF • LP Exp RP Stmt
   32     | IF • LP Exp RP Stmt ELSE Stmt

    LP  shift, and go to state 72


State 57

   33 Stmt: WHILE • LP Exp RP Stmt

    LP  shift, and go to state 73


State 58

   52 Exp: MINUS • Exp

    INT    shift, and go to state 52
    FLOAT  shift, and go to state 53
    ID     shift, and go to state 54
    MINUS  shift, and go to state 58
    NOT    shift, and go to state 59
    LP     shift, and go to state 60

    Exp  go to state 74


State 59

   53 Exp: NOT • Exp

    INT    shift, and go to state 52
    FLOAT  shift, and go to state 53
    ID     shift, and go to state 54
    MINUS  shift, and go to state 58
    NOT    shift, and go to state 59
    LP     shift, and go to state 60

    Exp  go to state 75


State 60

   51 Exp: LP • Exp RP
   61    | LP • error RP

    error  shift, and go to state 76
    INT    shift, and go to state 52
    FLOAT  shift, and go to state 53
    ID     shift, and go to state 54
    MINUS  shift, and go to state 58
    NOT    shift, and go to state 59
    LP     shift, and go to state 60

    Exp  go to state 77


State 61

   29 Stmt: CompSt •

    $default  reduce using rule 29 (Stmt)


State 62

   24 CompSt: LC DefList StmtList • RC

    RC  shift, and go to state 78


State 63

   26 StmtList: Stmt • StmtList

    error   shift, and go to state 51
    INT     shift, and go to state 52
    FLOAT   shift, and go to state 53
    ID      shift, and go to state 54
    RETURN  shift, and go to state 55
    IF      shift, and go to state 56
    WHILE   shift, and go to state 57
    MINUS   shift, and go to state 58
    NOT     shift, and go to state 59
    LP      shift, and go to state 60
    LC      shift, and go to state 25

    RC  reduce using rule 27 (StmtList)

    CompSt    go to state 61
    StmtList  go to state 79
    Stmt      go to state 63
    Exp       go to state 64


State 64

   28 Stmt: Exp • SEMI
   43 Exp: Exp • ASSIGNOP Exp
   44    | Exp • AND Exp
   45    | Exp • OR Exp
   46    | Exp • RELOP Exp
   47    | Exp • PLUS Exp
   48    | Exp • MINUS Exp
   49    | Exp • STAR Exp
   50    | Exp • DIV Exp
   56    | Exp • LB Exp RB
   57    | Exp • DOT ID

    SEMI      shift, and go to state 80
    ASSIGNOP  shift, and go to state 81
    OR        shift, and go to state 82
    AND       shift, and go to state 83
    RELOP     shift, and go to state 84
    PLUS      shift, and go to state 85
    MINUS     shift, and go to state 86
    STAR      shift, and go to state 87
    DIV       shift, and go to state 88
    LB        shift, and go to state 89
    DOT       shift, and go to state 90


State 65

   42 Dec: VarDec ASSIGNOP • Exp

    INT    shift, and go to state 52
    FLOAT  shift, and go to state 53
    ID     shift, and go to state 54
    MINUS  shift, and go to state 58
    NOT    shift, and go to state 59
    LP     shift, and go to state 60

    Exp  go to state 91


State 66

   37 Def: Specifier DecList SEMI •

    $default  reduce using rule 37 (Def)


State 67

   40 DecList: Dec COMMA • DecList

    ID  shift, and go to state 35

    VarDec   go to state 41
    DecList  go to state 92
    Dec      go to state 43


State 68

   21 VarList: ParamDec COMMA VarList •

    $default  reduce using rule 21 (VarList)


State 69

   34 Stmt: error SEMI •

    $default  reduce using rule 34 (Stmt)


State 70

   54 Exp: ID LP • Args RP
   55    | ID LP • RP

    INT    shift, and go to state 52
    FLOAT  shift, and go to state 53
    ID     shift, and go to state 54
    MINUS  shift, and go to state 58
    NOT    shift, and go to state 59
    LP     shift, and go to state 60
    RP     shift, and go to state 93

    Exp   go to state 94
    Args  go to state 95


State 71

   30 Stmt: RETURN Exp • SEMI
   43 Exp: Exp • ASSIGNOP Exp
   44    | Exp • AND Exp
   45    | Exp • OR Exp
   46    | Exp • RELOP Exp
   47    | Exp • PLUS Exp
   48    | Exp • MINUS Exp
   49    | Exp • STAR Exp
   50    | Exp • DIV Exp
   56    | Exp • LB Exp RB
   57    | Exp • DOT ID

    SEMI      shift, and go to state 96
    ASSIGNOP  shift, and go to state 81
    OR        shift, and go to state 82
    AND       shift, and go to state 83
    RELOP     shift, and go to state 84
    PLUS      shift, and go to state 85
    MINUS     shift, and go to state 86
    STAR      shift, and go to state 87
    DIV       shift, and go to state 88
    LB        shift, and go to state 89
    DOT       shift, and go to state 90


State 72

   31 Stmt: IF LP • Exp RP Stmt
   32     | IF LP • Exp RP Stmt ELSE Stmt

    INT    shift, and go to state 52
    FLOAT  shift, and go to state 53
    ID     shift, and go to state 54
    MINUS  shift, and go to state 58
    NOT    shift, and go to state 59
    LP     shift, and go to state 60

    Exp  go to state 97


State 73

   33 Stmt: WHILE LP • Exp RP Stmt

    INT    shift, and go to state 52
    FLOAT  shift, and go to state 53
    ID     shift, and go to state 54
    MINUS  shift, and go to state 58
    NOT    shift, and go to state 59
    LP     shift, and go to state 60

    Exp  go to state 98


State 74

   43 Exp: Exp • ASSIGNOP Exp
   44    | Exp • AND Exp
   45    | Exp • OR Exp
   46    | Exp • RELOP Exp
   47    | Exp • PLUS Exp
   48    | Exp • MINUS Exp
   49    | Exp • STAR Exp
   50    | Exp • DIV Exp
   52    | MINUS Exp •
   56    | Exp • LB Exp RB
   57    | Exp • DOT ID

    STAR  shift, and go to state 87
    DIV   shift, and go to state 88
    LB    shift, and go to state 89
    DOT   shift, and go to state 90

    $default  reduce using rule 52 (Exp)


State 75

   43 Exp: Exp • ASSIGNOP Exp
   44    | Exp • AND Exp
   45    | Exp • OR Exp
   46    | Exp • RELOP Exp
   47    | Exp • PLUS Exp
   48    | Exp • MINUS Exp
   49    | Exp • STAR Exp
   50    | Exp • DIV Exp
   53    | NOT Exp •
   56    | Exp • LB Exp RB
   57    | Exp • DOT ID

    LB   shift, and go to state 89
    DOT  shift, and go to state 90

    $default  reduce using rule 53 (Exp)


State 76

   61 Exp: LP error • RP

    RP  shift, and go to state 99


State 77

   43 Exp: Exp • ASSIGNOP Exp
   44    | Exp • AND Exp
   45    | Exp • OR Exp
   46    | Exp • RELOP Exp
   47    | Exp • PLUS Exp
   48    | Exp • MINUS Exp
   49    | Exp • STAR Exp
   50    | Exp • DIV Exp
   51    | LP Exp • RP
   56    | Exp • LB Exp RB
   57    | Exp • DOT ID

    ASSIGNOP  shift, and go to state 81
    OR        shift, and go to state 82
    AND       shift, and go to state 83
    RELOP     shift, and go to state 84
    PLUS      shift, and go to state 85
    MINUS     shift, and go to state 86
    STAR      shift, and go to state 87
    DIV       shift, and go to state 88
    LB        shift, and go to state 89
    RP        shift, and go to state 100
    DOT       shift, and go to state 90


State 78

   24 CompSt: LC DefList StmtList RC •

    $default  reduce using rule 24 (CompSt)


State 79

   26 StmtList: Stmt StmtList •

    $default  reduce using rule 26 (StmtList)


State 80

   28 Stmt: Exp SEMI •

    $default  reduce using rule 28 (Stmt)


State 81

   43 Exp: Exp ASSIGNOP • Exp

    INT    shift, and go to state 52
    FLOAT  shift, and go to state 53
    ID     shift, and go to state 54
    MINUS  shift, and go to state 58
    NOT    shift, and go to state 59
    LP     shift, and go to state 60

    Exp  go to state 101


State 82

   45 Exp: Exp OR • Exp

    INT    shift, and go to state 52
    FLOAT  shift, and go to state 53
    ID     shift, and go to state 54
    MINUS  shift, and go to state 58
    NOT    shift, and go to state 59
    LP     shift, and go to state 60

    Exp  go to state 102


State 83

   44 Exp: Exp AND • Exp

    INT    shift, and go to state 52
    FLOAT  shift, and go to state 53
    ID     shift, and go to state 54
    MINUS  shift, and go to state 58
    NOT    shift, and go to state 59
    LP     shift, and go to state 60

    Exp  go to state 103


State 84

   46 Exp: Exp RELOP • Exp

    INT    shift, and go to state 52
    FLOAT  shift, and go to state 53
    ID     shift, and go to state 54
    MINUS  shift, and go to state 58
    NOT    shift, and go to state 59
    LP     shift, and go to state 60

    Exp  go to state 104


State 85

   47 Exp: Exp PLUS • Exp

    INT    shift, and go to state 52
    FLOAT  shift, and go to state 53
    ID     shift, and go to state 54
    MINUS  shift, and go to state 58
    NOT    shift, and go to state 59
    LP     shift, and go to state 60

    Exp  go to state 105


State 86

   48 Exp: Exp MINUS • Exp

    INT    shift, and go to state 52
    FLOAT  shift, and go to state 53
    ID     shift, and go to state 54
    MINUS  shift, and go to state 58
    NOT    shift, and go to state 59
    LP     shift, and go to state 60

    Exp  go to state 106


State 87

   49 Exp: Exp STAR • Exp

    INT    shift, and go to state 52
    FLOAT  shift, and go to state 53
    ID     shift, and go to state 54
    MINUS  shift, and go to state 58
    NOT    shift, and go to state 59
    LP     shift, and go to state 60

    Exp  go to state 107


State 88

   50 Exp: Exp DIV • Exp

    INT    shift, and go to state 52
    FLOAT  shift, and go to state 53
    ID     shift, and go to state 54
    MINUS  shift, and go to state 58
    NOT    shift, and go to state 59
    LP     shift, and go to state 60

    Exp  go to state 108


State 89

   56 Exp: Exp LB • Exp RB

    INT    shift, and go to state 52
    FLOAT  shift, and go to state 53
    ID     shift, and go to state 54
    MINUS  shift, and go to state 58
    NOT    shift, and go to state 59
    LP     shift, and go to state 60

    Exp  go to state 109


State 90

   57 Exp: Exp DOT • ID

    ID  shift, and go to state 110


State 91

   42 Dec: VarDec ASSIGNOP Exp •
   43 Exp: Exp • ASSIGNOP Exp
   44    | Exp • AND Exp
   45    | Exp • OR Exp
   46    | Exp • RELOP Exp
   47    | Exp • PLUS Exp
   48    | Exp • MINUS Exp
   49    | Exp • STAR Exp
   50    | Exp • DIV Exp
   56    | Exp • LB Exp RB
   57    | Exp • DOT ID

    ASSIGNOP  shift, and go to state 81
    OR        shift, and go to state 82
    AND       shift, and go to state 83
    RELOP     shift, and go to state 84
    PLUS      shift, and go to state 85
    MINUS     shift, and go to state 86
    STAR      shift, and go to state 87
    DIV       shift, and go to state 88
    LB        shift, and go to state 89
    DOT       shift, and go to state 90

    $default  reduce using rule 42 (Dec)


State 92

   40 DecList: Dec COMMA DecList •

    $default  reduce using rule 40 (DecList)


State 93

   55 Exp: ID LP RP •

    $default  reduce using rule 55 (Exp)


State 94

   43 Exp: Exp • ASSIGNOP Exp
   44    | Exp • AND Exp
   45    | Exp • OR Exp
   46    | Exp • RELOP Exp
   47    | Exp • PLUS Exp
   48    | Exp • MINUS Exp
   49    | Exp • STAR Exp
   50    | Exp • DIV Exp
   56    | Exp • LB Exp RB
   57    | Exp • DOT ID
   62 Args: Exp • COMMA Args
   63     | Exp •

    COMMA     shift, and go to state 111
    ASSIGNOP  shift, and go to state 81
    OR        shift, and go to state 82
    AND       shift, and go to state 83
    RELOP     shift, and go to state 84
    PLUS      shift, and go to state 85
    MINUS     shift, and go to state 86
    STAR      shift, and go to state 87
    DIV       shift, and go to state 88
    LB        shift, and go to state 89
    DOT       shift, and go to state 90

    $default  reduce using rule 63 (Args)


State 95

   54 Exp: ID LP Args • RP

    RP  shift, and go to state 112


State 96

   30 Stmt: RETURN Exp SEMI •

    $default  reduce using rule 30 (Stmt)


State 97

   31 Stmt: IF LP Exp • RP Stmt
   32     | IF LP Exp • RP Stmt ELSE Stmt
   43 Exp: Exp • ASSIGNOP Exp
   44    | Exp • AND Exp
   45    | Exp • OR Exp
   46    | Exp • RELOP Exp
   47    | Exp • PLUS Exp
   48    | Exp • MINUS Exp
   49    | Exp • STAR Exp
   50    | Exp • DIV Exp
   56    | Exp • LB Exp RB
   57    | Exp • DOT ID

    ASSIGNOP  shift, and go to state 81
    OR        shift, and go to state 82
    AND       shift, and go to state 83
    RELOP     shift, and go to state 84
    PLUS      shift, and go to state 85
    MINUS     shift, and go to state 86
    STAR      shift, and go to state 87
    DIV       shift, and go to state 88
    LB        shift, and go to state 89
    RP        shift, and go to state 113
    DOT       shift, and go to state 90


State 98

   33 Stmt: WHILE LP Exp • RP Stmt
   43 Exp: Exp • ASSIGNOP Exp
   44    | Exp • AND Exp
   45    | Exp • OR Exp
   46    | Exp • RELOP Exp
   47    | Exp • PLUS Exp
   48    | Exp • MINUS Exp
   49    | Exp • STAR Exp
   50    | Exp • DIV Exp
   56    | Exp • LB Exp RB
   57    | Exp • DOT ID

    ASSIGNOP  shift, and go to state 81
    OR        shift, and go to state 82
    AND       shift, and go to state 83
    RELOP     shift, and go to state 84
    PLUS      shift, and go to state 85
    MINUS     shift, and go to state 86
    STAR      shift, and go to state 87
    DIV       shift, and go to state 88
    LB        shift, and go to state 89
    RP        shift, and go to state 114
    DOT       shift, and go to state 90


State 99

   61 Exp: LP error RP •

    $default  reduce using rule 61 (Exp)


State 100

   51 Exp: LP Exp RP •

    $default  reduce using rule 51 (Exp)


State 101

   43 Exp: Exp • ASSIGNOP Exp
   43    | Exp ASSIGNOP Exp •
   44    | Exp • AND Exp
   45    | Exp • OR Exp
   46    | Exp • RELOP Exp
   47    | Exp • PLUS Exp
   48    | Exp • MINUS Exp
   49    | Exp • STAR Exp
   50    | Exp • DIV Exp
   56    | Exp • LB Exp RB
   57    | Exp • DOT ID

    ASSIGNOP  shift, and go to state 81
    OR        shift, and go to state 82
    AND       shift, and go to state 83
    RELOP     shift, and go to state 84
    PLUS      shift, and go to state 85
    MINUS     shift, and go to state 86
    STAR      shift, and go to state 87
    DIV       shift, and go to state 88
    LB        shift, and go to state 89
    DOT       shift, and go to state 90

    $default  reduce using rule 43 (Exp)


State 102

   43 Exp: Exp • ASSIGNOP Exp
   44    | Exp • AND Exp
   45    | Exp • OR Exp
   45    | Exp OR Exp •
   46    | Exp • RELOP Exp
   47    | Exp • PLUS Exp
   48    | Exp • MINUS Exp
   49    | Exp • STAR Exp
   50    | Exp • DIV Exp
   56    | Exp • LB Exp RB
   57    | Exp • DOT ID

    AND    shift, and go to state 83
    RELOP  shift, and go to state 84
    PLUS   shift, and go to state 85
    MINUS  shift, and go to state 86
    STAR   shift, and go to state 87
    DIV    shift, and go to state 88
    LB     shift, and go to state 89
    DOT    shift, and go to state 90

    $default  reduce using rule 45 (Exp)


State 103

   43 Exp: Exp • ASSIGNOP Exp
   44    | Exp • AND Exp
   44    | Exp AND Exp •
   45    | Exp • OR Exp
   46    | Exp • RELOP Exp
   47    | Exp • PLUS Exp
   48    | Exp • MINUS Exp
   49    | Exp • STAR Exp
   50    | Exp • DIV Exp
   56    | Exp • LB Exp RB
   57    | Exp • DOT ID

    RELOP  shift, and go to state 84
    PLUS   shift, and go to state 85
    MINUS  shift, and go to state 86
    STAR   shift, and go to state 87
    DIV    shift, and go to state 88
    LB     shift, and go to state 89
    DOT    shift, and go to state 90

    $default  reduce using rule 44 (Exp)


State 104

   43 Exp: Exp • ASSIGNOP Exp
   44    | Exp • AND Exp
   45    | Exp • OR Exp
   46    | Exp • RELOP Exp
   46    | Exp RELOP Exp •
   47    | Exp • PLUS Exp
   48    | Exp • MINUS Exp
   49    | Exp • STAR Exp
   50    | Exp • DIV Exp
   56    | Exp • LB Exp RB
   57    | Exp • DOT ID

    PLUS   shift, and go to state 85
    MINUS  shift, and go to state 86
    STAR   shift, and go to state 87
    DIV    shift, and go to state 88
    LB     shift, and go to state 89
    DOT    shift, and go to state 90

    $default  reduce using rule 46 (Exp)


State 105

   43 Exp: Exp • ASSIGNOP Exp
   44    | Exp • AND Exp
   45    | Exp • OR Exp
   46    | Exp • RELOP Exp
   47    | Exp • PLUS Exp
   47    | Exp PLUS Exp •
   48    | Exp • MINUS Exp
   49    | Exp • STAR Exp
   50    | Exp • DIV Exp
   56    | Exp • LB Exp RB
   57    | Exp • DOT ID

    STAR  shift, and go to state 87
    DIV   shift, and go to state 88
    LB    shift, and go to state 89
    DOT   shift, and go to state 90

    $default  reduce using rule 47 (Exp)


State 106

   43 Exp: Exp • ASSIGNOP Exp
   44    | Exp • AND Exp
   45    | Exp • OR Exp
   46    | Exp • RELOP Exp
   47    | Exp • PLUS Exp
   48    | Exp • MINUS Exp
   48    | Exp MINUS Exp •
   49    | Exp • STAR Exp
   50    | Exp • DIV Exp
   56    | Exp • LB Exp RB
   57    | Exp • DOT ID

    STAR  shift, and go to state 87
    DIV   shift, and go to state 88
    LB    shift, and go to state 89
    DOT   shift, and go to state 90

    $default  reduce using rule 48 (Exp)


State 107

   43 Exp: Exp • ASSIGNOP Exp
   44    | Exp • AND Exp
   45    | Exp • OR Exp
   46    | Exp • RELOP Exp
   47    | Exp • PLUS Exp
   48    | Exp • MINUS Exp
   49    | Exp • STAR Exp
   49    | Exp STAR Exp •
   50    | Exp • DIV Exp
   56    | Exp • LB Exp RB
   57    | Exp • DOT ID

    LB   shift, and go to state 89
    DOT  shift, and go to state 90

    $default  reduce using rule 49 (Exp)


State 108

   43 Exp: Exp • ASSIGNOP Exp
   44    | Exp • AND Exp
   45    | Exp • OR Exp
   46    | Exp • RELOP Exp
   47    | Exp • PLUS Exp
   48    | Exp • MINUS Exp
   49    | Exp • STAR Exp
   50    | Exp • DIV Exp
   50    | Exp DIV Exp •
   56    | Exp • LB Exp RB
   57    | Exp • DOT ID

    LB   shift, and go to state 89
    DOT  shift, and go to state 90

    $default  reduce using rule 50 (Exp)


State 109

   43 Exp: Exp • ASSIGNOP Exp
   44    | Exp • AND Exp
   45    | Exp • OR Exp
   46    | Exp • RELOP Exp
   47    | Exp • PLUS Exp
   48    | Exp • MINUS Exp
   49    | Exp • STAR Exp
   50    | Exp • DIV Exp
   56    | Exp • LB Exp RB
   56    | Exp LB Exp • RB
   57    | Exp • DOT ID

    ASSIGNOP  shift, and go to state 81
    OR        shift, and go to state 82
    AND       shift, and go to state 83
    RELOP     shift, and go to state 84
    PLUS      shift, and go to state 85
    MINUS     shift, and go to state 86
    STAR      shift, and go to state 87
    DIV       shift, and go to state 88
    LB        shift, and go to state 89
    RB        shift, and go to state 115
    DOT       shift, and go to state 90


State 110

   57 Exp: Exp DOT ID •

    $default  reduce using rule 57 (Exp)


State 111

   62 Args: Exp COMMA • Args

    INT    shift, and go to state 52
    FLOAT  shift, and go to state 53
    ID     shift, and go to state 54
    MINUS  shift, and go to state 58
    NOT    shift, and go to state 59
    LP     shift, and go to state 60

    Exp   go to state 94
    Args  go to state 116


State 112

   54 Exp: ID LP Args RP •

    $default  reduce using rule 54 (Exp)


State 113

   31 Stmt: IF LP Exp RP • Stmt
   32     | IF LP Exp RP • Stmt ELSE Stmt

    error   shift, and go to state 51
    INT     shift, and go to state 52
    FLOAT   shift, and go to state 53
    ID      shift, and go to state 54
    RETURN  shift, and go to state 55
    IF      shift, and go to state 56
    WHILE   shift, and go to state 57
    MINUS   shift, and go to state 58
    NOT     shift, and go to state 59
    LP      shift, and go to state 60
    LC      shift, and go to state 25

    CompSt  go to state 61
    Stmt    go to state 117
    Exp     go to state 64


State 114

   33 Stmt: WHILE LP Exp RP • Stmt

    error   shift, and go to state 51
    INT     shift, and go to state 52
    FLOAT   shift, and go to state 53
    ID      shift, and go to state 54
    RETURN  shift, and go to state 55
    IF      shift, and go to state 56
    WHILE   shift, and go to state 57
    MINUS   shift, and go to state 58
    NOT     shift, and go to state 59
    LP      shift, and go to state 60
    LC      shift, and go to state 25

    CompSt  go to state 61
    Stmt    go to state 118
    Exp     go to state 64


State 115

   56 Exp: Exp LB Exp RB •

    $default  reduce using rule 56 (Exp)


State 116

   62 Args: Exp COMMA Args •

    $default  reduce using rule 62 (Args)


State 117

   31 Stmt: IF LP Exp RP Stmt •
   32     | IF LP Exp RP Stmt • ELSE Stmt

    ELSE  shift, and go to state 119

    $default  reduce using rule 31 (Stmt)


State 118

   33 Stmt: WHILE LP Exp RP Stmt •

    $default  reduce using rule 33 (Stmt)


State 119

   32 Stmt: IF LP Exp RP Stmt ELSE • Stmt

    error   shift, and go to state 51
    INT     shift, and go to state 52
    FLOAT   shift, and go to state 53
    ID      shift, and go to state 54
    RETURN  shift, and go to state 55
    IF      shift, and go to state 56
    WHILE   shift, and go to state 57
    MINUS   shift, and go to state 58
    NOT     shift, and go to state 59
    LP      shift, and go to state 60
    LC      shift, and go to state 25

    CompSt  go to state 61
    Stmt    go to state 120
    Exp     go to state 64


State 120

   32 Stmt: IF LP Exp RP Stmt ELSE Stmt •

    $default  reduce using rule 32 (Stmt)
